INFO  Diffblue Cover 2025.12.02-74144f0-licensed
INFO  
INFO  Command: create
INFO  Create tests for the specified package/class/method.
INFO  
INFO  Discovered modules:
INFO  - com.yufeng:yufeng-erp
INFO  
INFO  
INFO  [1/1] Creating tests for module: com.yufeng:yufeng-erp
INFO  ======================================================
INFO  
INFO  Detecting environment:
INFO  ----------------------
INFO  Detected Java version 1.8.0_472
INFO  Selected build system: Maven
INFO  Selected classpath from build system maven
INFO  Selected test framework: JUnit
INFO  Selected Java language compliance level: 1.8
INFO  Selected test validation: enabled
INFO  Prefixes for filtering classes/methods:
INFO  - com.yufeng
INFO  - com.yufeng.config
INFO  - com.yufeng.controller
INFO  - com.yufeng.controller.admin
INFO  - com.yufeng.entity
INFO  - com.yufeng.realm
INFO  - com.yufeng.repository
INFO  - com.yufeng.service
INFO  - com.yufeng.service.impl
INFO  - com.yufeng.util
INFO  Gathering methods to test...
INFO  Found 1,508 callable methods in 96 classes
INFO  
INFO  Creating tests:
INFO  ---------------
INFO   [1/96] com.yufeng.JxcApplication
INFO   [1/96]   Tests created: 0
INFO   [2/96] com.yufeng.ServletInitializer
INFO   [2/96]   Tests created: 1
INFO   [3/96] com.yufeng.config.ShiroConfig
INFO   [3/96]   Tests created: 5
INFO   [4/96] com.yufeng.controller.DrawImageController
INFO   [4/96]   Tests created: 1
INFO   [5/96] com.yufeng.controller.IndexController
INFO   [5/96]   Tests created: 1
INFO   [6/96] com.yufeng.controller.UserController
INFO   [6/96]   Tests created: 8
INFO   [7/96] com.yufeng.controller.admin.CustomerAdminController
INFO   [7/96]   Tests created: 4
INFO   [8/96] com.yufeng.controller.admin.CustomerReturnListAdminController
INFO   [8/96]   Tests created: 7
INFO   [9/96] com.yufeng.controller.admin.DamageListAdminController
INFO   [9/96]   Tests created: 4
INFO  [10/96] com.yufeng.controller.admin.GoodsAdminContrller
INFO  [10/96]   Tests created: 14
INFO  [11/96] com.yufeng.controller.admin.GoodsTypeAdminController
INFO  [11/96]   Tests created: 5
INFO  [12/96] com.yufeng.controller.admin.GoodsUnitAdminController
INFO  [12/96]   Tests created: 4
INFO  [13/96] com.yufeng.controller.admin.LogAdminController
INFO  [13/96]   Tests created: 1
INFO  [14/96] com.yufeng.controller.admin.OverflowListAdminController
INFO  [14/96]   Tests created: 4
INFO  [15/96] com.yufeng.controller.admin.PurchaseListAdminController
INFO  [15/96]   Tests created: 7
INFO  [16/96] com.yufeng.controller.admin.ReturnListAdminController
INFO  [16/96]   Tests created: 7
INFO  [17/96] com.yufeng.controller.admin.RoleAdminController
INFO  [17/96]   Tests created: 7
INFO  [18/96] com.yufeng.controller.admin.SaleListAdminController
INFO  [18/96]   Tests created: 7
INFO  [19/96] com.yufeng.controller.admin.SupplierAdminController
INFO  [19/96]   Tests created: 4
INFO  [20/96] com.yufeng.controller.admin.UserAdminController
INFO  [20/96]   Tests created: 6
INFO  [21/96] com.yufeng.entity.CustomDateSerializer
INFO  [21/96]   Tests created: 2
INFO  [22/96] com.yufeng.entity.CustomDateTimeSerializer
INFO  [22/96]   Tests created: 2
INFO  [23/96] com.yufeng.entity.Customer
INFO  [23/96]   Tests created: 1
INFO  [24/96] com.yufeng.entity.CustomerReturnList
INFO  [24/96]   Tests created: 3
INFO  [25/96] com.yufeng.entity.CustomerReturnListGoods
INFO  [25/96]   Tests created: 1
INFO  [26/96] com.yufeng.entity.DamageList
INFO  [26/96]   Tests created: 3
INFO  [27/96] com.yufeng.entity.DamageListGoods
INFO  [27/96]   Tests created: 1
INFO  [28/96] com.yufeng.entity.Goods
INFO  [28/96]   Tests created: 1
INFO  [29/96] com.yufeng.entity.GoodsType
INFO  [29/96]   Tests created: 2
INFO  [30/96] com.yufeng.entity.GoodsUnit
INFO  [30/96]   Tests created: 1
INFO  [31/96] com.yufeng.entity.Log
INFO  [31/96]   Tests created: 2
INFO  [32/96] com.yufeng.entity.Menu
INFO  [32/96]   Tests created: 2
INFO  [33/96] com.yufeng.entity.OverflowList
INFO  [33/96]   Tests created: 3
INFO  [34/96] com.yufeng.entity.OverflowListGoods
INFO  [34/96]   Tests created: 1
INFO  [35/96] com.yufeng.entity.PurchaseList
INFO  [35/96]   Tests created: 3
INFO  [36/96] com.yufeng.entity.PurchaseListGoods
INFO  [36/96]   Tests created: 1
INFO  [37/96] com.yufeng.entity.ReturnList
INFO  [37/96]   Tests created: 3
INFO  [38/96] com.yufeng.entity.ReturnListGoods
INFO  [38/96]   Tests created: 1
INFO  [39/96] com.yufeng.entity.Role
INFO  [39/96]   Tests created: 1
INFO  [40/96] com.yufeng.entity.RoleMenu
INFO  [40/96]   Tests created: 1
INFO  [41/96] com.yufeng.entity.SaleCount
INFO  [41/96]   Tests created: 1
INFO  [42/96] com.yufeng.entity.SaleList
INFO  [42/96]   Tests created: 3
INFO  [43/96] com.yufeng.entity.SaleListGoods
INFO  [43/96]   Tests created: 1
INFO  [44/96] com.yufeng.entity.Supplier
INFO  [44/96]   Tests created: 1
INFO  [45/96] com.yufeng.entity.User
INFO  [45/96]   Tests created: 1
INFO  [46/96] com.yufeng.entity.UserRole
INFO  [46/96]   Tests created: 1
INFO  [47/96] com.yufeng.realm.MyRealm
INFO  [47/96]   Tests created: 3
INFO  [48/96] com.yufeng.repository.CustomerRepository
INFO  [48/96]   Tests created: 0
INFO  [49/96] com.yufeng.repository.CustomerReturnListGoodsRepository
INFO  [49/96]   Tests created: 0
INFO  [50/96] com.yufeng.repository.CustomerReturnListRepository
INFO  [50/96]   Tests created: 0
INFO  [51/96] com.yufeng.repository.DamageListGoodsRepository
INFO  [51/96]   Tests created: 0
INFO  [52/96] com.yufeng.repository.DamageListRepository
INFO  [52/96]   Tests created: 0
INFO  [53/96] com.yufeng.repository.GoodsRepository
INFO  [53/96]   Tests created: 0
INFO  [54/96] com.yufeng.repository.GoodsTypeRepository
INFO  [54/96]   Tests created: 0
INFO  [55/96] com.yufeng.repository.GoodsUnitRepository
INFO  [55/96]   Tests created: 0
INFO  [56/96] com.yufeng.repository.LogRepository
INFO  [56/96]   Tests created: 0
INFO  [57/96] com.yufeng.repository.MenuRepository
INFO  [57/96]   Tests created: 0
INFO  [58/96] com.yufeng.repository.OverflowListGoodsRepository
INFO  [58/96]   Tests created: 0
INFO  [59/96] com.yufeng.repository.OverflowListRepository
INFO  [59/96]   Tests created: 0
INFO  [60/96] com.yufeng.repository.PurchaseListGoodsRepository
INFO  [60/96]   Tests created: 0
INFO  [61/96] com.yufeng.repository.PurchaseListRepository
INFO  [61/96]   Tests created: 0
INFO  [62/96] com.yufeng.repository.ReturnListGoodsRepository
INFO  [62/96]   Tests created: 0
INFO  [63/96] com.yufeng.repository.ReturnListRepository
INFO  [63/96]   Tests created: 0
INFO  [64/96] com.yufeng.repository.RoleMenuRepository
INFO  [64/96]   Tests created: 0
INFO  [65/96] com.yufeng.repository.RoleRepository
INFO  [65/96]   Tests created: 0
INFO  [66/96] com.yufeng.repository.SaleListGoodsRepository
INFO  [66/96]   Tests created: 0
INFO  [67/96] com.yufeng.repository.SaleListRepository
INFO  [67/96]   Tests created: 0
INFO  [68/96] com.yufeng.repository.SupplierRepository
INFO  [68/96]   Tests created: 0
INFO  [69/96] com.yufeng.repository.UserRepository
INFO  [69/96]   Tests created: 0
INFO  [70/96] com.yufeng.repository.UserRoleRepository
INFO  [70/96]   Tests created: 0
INFO  [71/96] com.yufeng.service.impl.CustomerReturnListGoodsServiceImpl
INFO  [71/96]   Tests created: 4
INFO  [72/96] com.yufeng.service.impl.CustomerReturnListServiceImpl
INFO  [72/96]   Tests created: 7
INFO  [73/96] com.yufeng.service.impl.CustomerServiceImpl
INFO  [73/96]   Tests created: 6
INFO  [74/96] com.yufeng.service.impl.DamageListGoodsServiceImpl
INFO  [74/96]   Tests created: 1
INFO  [75/96] com.yufeng.service.impl.DamageListServiceImpl
INFO  [75/96]   Tests created: 7
INFO  [76/96] com.yufeng.service.impl.GoodsServiceImpl
INFO  [76/96]   Tests created: 11
INFO  [77/96] com.yufeng.service.impl.GoodsTypeServiceImpl
INFO  [77/96]   Tests created: 4
INFO  [78/96] com.yufeng.service.impl.GoodsUnitServiceImpl
INFO  [78/96]   Tests created: 4
INFO  [79/96] com.yufeng.service.impl.LogServiceImpl
INFO  [79/96]   Tests created: 2
INFO  [80/96] com.yufeng.service.impl.MenuServiceImpl
INFO  [80/96]   Tests created: 4
INFO  [81/96] com.yufeng.service.impl.OverflowListGoodsServiceImpl
INFO  [81/96]   Tests created: 1
INFO  [82/96] com.yufeng.service.impl.OverflowListServiceImpl
INFO  [82/96]   Tests created: 7
INFO  [83/96] com.yufeng.service.impl.PurchaseListGoodsServiceImpl
INFO  [83/96]   Tests created: 2
INFO  [84/96] com.yufeng.service.impl.PurchaseListServiceImpl
INFO  [84/96]   Tests created: 7
INFO  [85/96] com.yufeng.service.impl.ReturnListGoodsServiceImpl
INFO  [85/96]   Tests created: 2
INFO  [86/96] com.yufeng.service.impl.ReturnListServiceImpl
INFO  [86/96]   Tests created: 7
INFO  [87/96] com.yufeng.service.impl.RoleMenuServiceImpl
INFO  [87/96]   Tests created: 2
INFO  [88/96] com.yufeng.service.impl.RoleServiceImpl
INFO  [88/96]   Tests created: 7
INFO  [89/96] com.yufeng.service.impl.SaleListGoodsServiceImpl
INFO  [89/96]   Tests created: 4
INFO  [90/96] com.yufeng.service.impl.SaleListServiceImpl
INFO  [90/96]   Tests created: 9
INFO  [91/96] com.yufeng.service.impl.SupplierServiceImpl
INFO  [91/96]   Tests created: 6
INFO  [92/96] com.yufeng.service.impl.UserRoleServiceImpl
INFO  [92/96]   Tests created: 5
INFO  [93/96] com.yufeng.service.impl.UserServiceImpl
INFO  [93/96]   Tests created: 6
INFO  [94/96] com.yufeng.util.DateUtil
INFO  [94/96]   Tests created: 5
INFO  [95/96] com.yufeng.util.MathUtil
INFO  [95/96]   Tests created: 1
INFO  [96/96] com.yufeng.util.StringUtil
INFO  [96/96]   Tests created: 8
INFO  
INFO  Test creation summary for module: com.yufeng:yufeng-erp
INFO  -------------------------------------------------------
INFO  Total:                                            1508 methods
INFO  272 tests created for:                             654 methods
INFO  
INFO  Tested indirectly via other methods:                45 methods
INFO     45 T005: Trivial constructor
INFO  Not unit-testable:                                   9 methods
INFO      7 T007: Framework configuration callback
INFO      2 T006: Main method
INFO  No tests created for:                              685 methods
INFO    485 R013: No inputs found that don't throw a trivial exception
INFO    105 R083: Can't find a suitable constructor
INFO      1 R002: Missing observers
INFO      1 R031: Method may be time-sensitive
INFO  
INFO  Running validation command.
INFO  This can take a couple of minutes.
INFO  All 272 created tests were successfully validated.
WARN  E032: Failing tests detected while validating
      During test validation there were some test failures. Please see the list below
      and the contents of the log file. Without addressing these failing tests,
      Diffblue Cover will be unable to properly validate the created tests.
      Failing test:
      - com.yufeng.JxcApplicationTests.contextLoads
      The output from running this command is available towards the end of the log
      file.
      If you have customized your build system configuration for Diffblue Cover,
      refer to the guidelines here:
      https://docs.diffblue.com/features/cover-cli/project-configuration/configuring-cover-to-work-with-your-projects-build-system/
INFO  Refactorings have been generated - run `dcover refactor` to apply them
INFO  Calculating coverage from Diffblue tests.
INFO  JaCoCo report file created in /home/jbergqvist/diffblue/mawensen-erp/.diffblue/reports/diffblue-tests-jacoco-report.xml
INFO  Calculating coverage from manual tests.
INFO  JaCoCo report file created in /home/jbergqvist/diffblue/mawensen-erp/.diffblue/reports/manual-tests-jacoco-report.xml
INFO  
INFO  Diffblue tests cover 1532 of 2018 lines to cover (75.9%)
INFO  Manual tests cover 9 of 2018 lines to cover (0.4%)
INFO  Writing JSON report to /home/jbergqvist/diffblue/mawensen-erp/.diffblue/reports/report.json
INFO  
WARN  One or more warnings were logged, please review them in the log file
INFO  Log file: /home/jbergqvist/diffblue/mawensen-erp/.diffblue/log/user-20260113T090930.log
INFO  Finished in 1h 10m 12s
