INFO  Diffblue Cover 2025.12.02-74144f0-licensed
INFO  
INFO  Command: issues
INFO  Output a prioritized list of issues.
INFO  
INFO  Discovered modules:
INFO  - com.yufeng:yufeng-erp
INFO  
INFO  
INFO  [1/1] Diagnosing issues for module: com.yufeng:yufeng-erp
INFO  =========================================================
INFO  
INFO  Detected Java version 1.8.0_472
INFO  Selected build system: Maven
INFO  Reading report file '/home/jbergqvist/diffblue/mawensen-erp/.diffblue/reports/report.json'
INFO  Copied report file to '/home/jbergqvist/diffblue/mawensen-erp/.diffblue/reports/report-20260112T143907.json'
INFO  
INFO  R083: Can't find a suitable constructor
INFO  Issues: 21
INFO  Affected methods: 105
INFO  
INFO  R013: No inputs found that don't throw a trivial exception
INFO  Issues: 106
INFO  Affected methods: 485
INFO  
INFO  R002: Missing observers
INFO  Issues: 1
INFO  Affected methods: 1
INFO  
INFO  R031: Method may be time-sensitive
INFO  Issues: 1
INFO  Affected methods: 1
INFO  
INFO  129 issues were found, rerun with --prompts to list with actionable advice
INFO  Rerun with --prompts --limit 10 --skip 10 to restrict which issues are displayed
INFO  
INFO  Log file: /home/jbergqvist/diffblue/mawensen-erp/.diffblue/log/user-20260112T154558.log
INFO  Finished in 4s
